[wordpress.com/block-editor/page/bitorzo822342368.wordpress.com/3.html]
[backblue.gif]
[fade.gif]
[index.html]
[s1.wp.com/i/favicons/favicon-64x64.png]
[s1.wp.com/i/favicons/favicon-96x96.png]
[s1.wp.com/i/favicons/android-chrome-192x192.png]
[s1.wp.com/i/favicons/apple-touch-icon-180x180.png]
[s1.wp.com/i/favicons/apple-touch-icon-152x152.png]
[s1.wp.com/i/favicons/apple-touch-icon-144x144.png]
[s1.wp.com/i/favicons/apple-touch-icon-120x120.png]
[s1.wp.com/i/favicons/apple-touch-icon-114x114.png]
[s1.wp.com/i/favicons/apple-touch-icon-76x76.png]
[s1.wp.com/i/favicons/apple-touch-icon-72x72.png]
[s1.wp.com/i/favicons/apple-touch-icon-60x60.png]
[s1.wp.com/i/favicons/apple-touch-icon-57x57.png]
[wordpress.com/calypso/fallback/entry-main.1433f5f088b0f9ba9feb.min.css]
[wordpress.com/calypso/fallback/gutenberg-editor.ac1667f3481b836cd833.min.css]
[wordpress.com/calypso/fallback/338.6d2619796778e0030a4c.min.css]
[wordpress.com/calypso/fallback/344.70c4e9b20f8a60e22ff6.min.css]
[wordpress.com/calypso/fallback/347.8ff4211c18d8be8ad77e.min.css]
[wordpress.com/calypso/fallback/355.26419eb42852ed7f3273.min.css]
[wordpress.com/calypso/fallback/358.b729e3acf132c1783f76.min.css]
[wordpress.com/calypso/fallback/368.b110e0d6cdd0a39320d1.min.css]
[wordpress.com/calypso/fallback/427.9a115da30dac84155be1.min.css]
[wordpress.com/calypso/fallback/442.24875b19b3f6b276b87f.min.css]
[wordpress.com/calypso/fallback/444.8ebd2aeca6d2d6cac9ed.min.css]
[wordpress.com/calypso/fallback/82.6d6bfee981faf1b8c9ca.min.js]
[wordpress.com/calypso/fallback/299.fac32cab8bbb721843cd.min.js]
[wordpress.com/calypso/fallback/122.53bcec8ba4a777e22049.min.js]
[wordpress.com/calypso/fallback/79.c1ce28368f3155d4d88c.min.js]
[wordpress.com/calypso/fallback/entry-main.1433f5f088b0f9ba9feb.min.js]
[wordpress.com/calypso/fallback/gutenberg-editor.ac1667f3481b836cd833.min.js]
[wordpress.com/calypso/fallback/83.64be3e28c5a3511180ad.min.js]
[wordpress.com/calypso/fallback/117.4f279b9df406674fd9e6.min.js]
[wordpress.com/calypso/fallback/123.09be8b3d6287f8912df2.min.js]
[wordpress.com/calypso/fallback/145.6d44b3ca8121567ecd99.min.js]
[wordpress.com/calypso/fallback/177.9ba6d449d78ae422fcaf.min.js]
[wordpress.com/calypso/fallback/301.273cae657e707760b003.min.js]
[wordpress.com/calypso/fallback/304.4095cb997f27bfe50de5.min.js]
[wordpress.com/calypso/fallback/338.6d2619796778e0030a4c.min.js]
[wordpress.com/calypso/fallback/344.70c4e9b20f8a60e22ff6.min.js]
[wordpress.com/calypso/fallback/347.8ff4211c18d8be8ad77e.min.js]
[wordpress.com/calypso/fallback/355.26419eb42852ed7f3273.min.js]
[wordpress.com/calypso/fallback/358.b729e3acf132c1783f76.min.js]
[wordpress.com/calypso/fallback/368.b110e0d6cdd0a39320d1.min.js]
[wordpress.com/calypso/fallback/427.9a115da30dac84155be1.min.js]
[wordpress.com/calypso/fallback/442.24875b19b3f6b276b87f.min.js]
[wordpress.com/calypso/fallback/444.8ebd2aeca6d2d6cac9ed.min.js]
[wordpress.com/calypso/fallback/475.8d000ccb001d5751f7a3.min.js]
[wordpress.com/calypso/fallback/492.6d0651c143dc7212af80.min.js]
[wordpress.com/calypso/fallback/494.1afb0c047b07603d0fc8.min.js]
[wordpress.com/block-editor/page/bitorzo822342368.wordpress.com/3.html]
[wordpress.com/calypso/fallback/entry-main.1433f5f088b0f9ba9feb.min.css]
[wordpress.com/calypso/fallback/gutenberg-editor.ac1667f3481b836cd833.min.css]
[wordpress.com/calypso/fallback/338.6d2619796778e0030a4c.min.css]
[wordpress.com/calypso/fallback/344.70c4e9b20f8a60e22ff6.min.css]
[wordpress.com/calypso/fallback/347.8ff4211c18d8be8ad77e.min.css]
[wordpress.com/calypso/fallback/355.26419eb42852ed7f3273.min.css]
[wordpress.com/calypso/fallback/358.b729e3acf132c1783f76.min.css]
[wordpress.com/calypso/fallback/368.b110e0d6cdd0a39320d1.min.css]
[wordpress.com/calypso/fallback/427.9a115da30dac84155be1.min.css]
[wordpress.com/calypso/fallback/442.24875b19b3f6b276b87f.min.css]
[wordpress.com/calypso/fallback/444.8ebd2aeca6d2d6cac9ed.min.css]
[wordpress.com/service-worker.js]
