[bitorzo822342368.wordpress.com/index.html]
[backblue.gif]
[fade.gif]
[index.html]
[bitorzo822342368.wordpress.com/feed/index.html]
[bitorzo822342368.wordpress.com/comments/feed/index.html]
[s1.wp.com/wp-content/themes/pub/varia/print9298.css]
[s1.wp.com/_static/indexba1f.html]
[bitorzo822342368.wordpress.com/xmlrpc0db0.php]
[s0.wp.com/_static/index9994.html]
[s2.wp.com/_static/index1b73.html]
[s2.wp.com/i/webclip.png]
[bitorzo822342368.wordpress.com/osd.xml]
[bitorzo822342368.wordpress.com/blog/index.html]
[bitorzo822342368.files.wordpress.com/2020/08/habos-1.png]
[bitorzo822342368.files.wordpress.com/2020/08/untitled-2983f.png]
[bitorzo822342368.files.wordpress.com/2020/08/untitledddd-192b9.png]
[bitorzo822342368.files.wordpress.com/2020/08/unnamed.png]
[stratfordstarter.files.wordpress.com/2020/06/cropped-icon-implementation-support-1.png]
[stratfordstarter.files.wordpress.com/2020/06/icon-managed-hosting-1c6eb.png]
[0.gravatar.com/js/gprofiles458b.js]
[s1.wp.com/wp-content/mu-plugins/gravatar-hovercards/wpgrohoc3b6.js]
[bitorzo822342368.wordpress.com/wp-content/plugins/ie-sitemode/custom-jumplist.php]
[stats.wp.com/w7f39.js]
[pixel.wp.com/b0b80.gif]
[bitorzo822342368.wordpress.com/index.html]
[s1.wp.com/_static/indexba1f.html]
[s1.wp.com/wp-content/themes/pub/varia/print9298.css]
[s0.wp.com/_static/index9994.html]
[s0.wp.com/wp-content/themes/h4/global21a2.css]
[bitorzo822342368.files.wordpress.com/2020/08/action-adult-carry-1378866c7e0.jpg]
[bitorzo822342368.wordpress.com/blog/index.html]
[s1.wp.com/wp-content/mu-plugins/gravatar-hovercards/wpgrohoc3b6.js]
[bitorzo822342368.wordpress.com/2020/08/23/school-fun-day/index.html]
[s0.wp.com/wp-content/themes/h4/global21a2.css]
[bitorzo822342368.wordpress.com/category/uncategorized/index.html]
[bitorzo822342368.wordpress.com/author/mathematix892394033/index.html]
[s0.wp.com/wp-content/mu-plugins/highlander-comments/style6f5b.css]
[bitorzo822342368.wordpress.com/2020/08/23/mission-statement/index.html]
[bitorzo822342368.wordpress.com/2020/08/23/school-fun-day/index.html]
[s2.wp.com/_static/index6f89.html]
[bitorzo822342368.wordpress.com/author/mathematix892394033/index.html]
[bitorzo822342368.wordpress.com/2020/08/23/school-fun-day/feed/index.html]
[bitorzo822342368.wordpress.com/category/uncategorized/index.html]
[s0.wp.com/_static/indexa85c.html]
[bitorzo822342368.wordpress.com/2020/08/23/mission-statement/index.html]
[bitorzo822342368.wordpress.com/author/mathematix892394033/feed/index.html]
[bitorzo822342368.wordpress.com/2020/08/23/school-fun-day/amp/index.html]
[bitorzo822342368.wordpress.com/category/uncategorized/feed/index.html]
[bitorzo822342368.wordpress.com/2020/08/23/mission-statement/feed/index.html]
[s0.wp.com/wp-content/mu-plugins/highlander-comments/images/postto-buttons.png]
[s0.wp.com/wp-content/mu-plugins/highlander-comments/images/button-back.gif]
[bitorzo822342368.wordpress.com/2020/08/23/mission-statement/amp/index.html]
[s0.wp.com/wp-content/mu-plugins/highlander-comments/images/button-back-over.gif]
[s0.wp.com/wp-content/mu-plugins/highlander-comments/images/loader.gif]
[s0.wp.com/wp-content/mu-plugins/highlander-comments/style6f5b.css]
[bitorzo822342368.wordpress.com/xmlrpc.php]
[bitorzo822342368.files.wordpress.com/2020/08/action-adult-carry-1378866bcc0.jpg]
[bitorzo822342368.files.wordpress.com/2020/08/action-adult-carry-137886673d9.jpg]
[cdn.ampproject.org/v0.js]
[s2.wp.com/wp-content/plugins/amp-1.4/assets/images/placeholder-icon.png]
[bitorzo822342368.wordpress.com/2020/08/23/school-fun-day/amp/social-logos.1bc8bb.delayed]
[bitorzo822342368.wordpress.com/2020/08/23/school-fun-day/amp/social-logosc8bb.ttf]
[bitorzo822342368.files.wordpress.com/2020/08/action-adult-carry-13788660456.jpg]
[pixel.wp.com/b1dd7.gif]
[pixel.wp.com/b9fd8.gif]
[bitorzo822342368.wordpress.com/2020/08/23/school-fun-day/amp/index.html]
[s0.wp.com/_static/indexa85c.html]
[s0.wp.com/i/blank.jpg]
[bitorzo822342368.wordpress.com/2020/08/23/mission-statement/amp/social-logos.21c8bb.delayed]
[bitorzo822342368.wordpress.com/2020/08/23/mission-statement/amp/social-logosc8bb.ttf]
[pixel.wp.com/b53ab.gif]
[pixel.wp.com/bdccd.gif]
[bitorzo822342368.wordpress.com/2020/08/23/mission-statement/amp/index.html]
[bitorzo822342368.wordpress.com/2020/08/23/school-fun-day/amp/social-logosc8bb.html]
[bitorzo822342368.wordpress.com/2020/08/23/school-fun-day/amp/social-logosc8bb-2.html]
[bitorzo822342368.wordpress.com/2020/08/23/mission-statement/amp/social-logosc8bb.html]
[bitorzo822342368.wordpress.com/2020/08/23/mission-statement/amp/social-logosc8bb-2.html]
